
> advanced-multi-root@1.0.0 check-types
> tsc --noEmit

